cas 1
cas 2
cas 3
cas 4
cas 5
cas 6
cas 7
cas 8
cas 9
