ZZO(O,O,O,O)
ZO(O,O)ZO(O,O,O,O,O,O,O,O)
ZO(O,O)ZO(O,O,O,O,O,O,O,O)ZO(O,O,O,O,O,O,O,O,O,O,O,O,O,O,O,O,O,O,O,O,O,O,O,O,O,O,O,O,O,O,O,O)
ZZO(O,O,O,O)
ZO(O,O)ZO(O,O,O,O,O,O,O,O)
ZO(O,O)ZO(O,O,O,O,O,O,O,O)ZO(O,O,O,O,O,O,O,O,O,O,O,O,O,O,O,O,O,O,O,O,O,O,O,O,O,O,O,O,O,O,O,O)
